[TEST RESULT]: test01() - PASSED
[TEST RESULT]: test01() - PASSED
